Fetching leaderboard...
Total entries: 31057
Profitable in all windows (day≥+0.00%, week≥+0.00%, month≥+0.00%), account≥$10.0K: 6383 traders
Scanning for wallets with positions opened in last 24h (need 15)...

  skip  0x0c5e5e6554b54d1445c3247ce620c400b8033dd4  (0x0c5e5e65...)  — zero perp account value (spot-only or no margin)
  skip  0x9cd0a696c7cbb9d44de99268194cb08e5684e5fe  (0x9cd0a696...)  — no positions in last 24h
  skip  0x63af859d7b4717bd4d3705f15b6d4caad6cf4b36  (0x63af859d...)  — no positions in last 24h
  skip  0xfb6ebda89152bbb06cfc0b4ce7f2a3c469b96137  (0xfb6ebda8...)  — zero perp account value (spot-only or no margin)
  skip  0xa9ed0db00e5c29e7e18a55db159ea33fb5fea60a  (0xa9ed0db0...)  — zero perp account value (spot-only or no margin)
  skip  0x11a8a48795b01f828116062e72a663ca69b71c31  (0x11a8a487...)  — no positions in last 24h
  skip  0x8177b8dae5b3ce7de2ca6e5449ffc6aab2f626ba  (0x8177b8da...)  — zero perp account value (spot-only or no margin)
  skip  0x388b3ea2d5fa291e47ecb9f5570012d84a891180  (0x388b3ea2...)  — no positions in last 24h
  skip  0xecd4abc81640d99f1b3d9fc254554cfbce9ff50d  (0xecd4abc8...)  — zero perp account value (spot-only or no margin)
  found 0xd26ca9aeae8bf31937b8cc5d55c592e5a137f915  (0xd26ca9ae...)  [1 position(s)]  ROE day=+0.16% week=+59.77% month=+103.68%
  skip  0xaf7fd67ae6b3e25f83291d5600fbe3b776eea4d3  (0xaf7fd67a...)  — zero perp account value (spot-only or no margin)
  skip  0xaa7f0d3da989dae8fd166345a3ce21509f8c8bb4  (0xaa7f0d3d...)  — zero perp account value (spot-only or no margin)
  skip  0x900f6f2e0ff9e3ecb5c2f667707a709346c1a40a  (0x900f6f2e...)  — zero perp account value (spot-only or no margin)
  skip  0x2326ad5530c12cf9f0b32415fc53dbdfe6459cbf  (0x2326ad55...)  — zero perp account value (spot-only or no margin)
  skip  0x76fe28b803eeba445c34afc2f914e6bcb71112fd  (0x76fe28b8...)  — zero perp account value (spot-only or no margin)
  skip  0xbe74e8e6fa8f47cf01d9a6c9f6cf4458720ffc33  (suuu)  — zero perp account value (spot-only or no margin)
  found 0x5efc5eaa41ebfefcc122e7600d3ac81549b6dd8d  (0x5efc5eaa...)  [1 position(s)]  ROE day=+7.61% week=+21.54% month=+144.10%
  skip  0x3b290def8e0b287a2c8ac0ae1ab31642caecc7e7  (0x3b290def...)  — no positions in last 24h
  skip  0x631ec5b877a71c3de4b8c2c6cb612e867ef2eb9c  (0x631ec5b8...)  — no positions in last 24h
  found 0x74da055d4ccf9dca3f15789c603e1a88a1d2d81f  (folhas99)  [1 position(s)]  ROE day=+3.87% week=+14.62% month=+141.27%
  skip  0x9818fdbc10121f83442a127aec09c193cb61829f  (0x9818fdbc...)  — no positions in last 24h
  found 0x641d098604b7f0913e180b01da4d5d96722c97c4  (0x641d0986...)  [2 position(s)]  ROE day=+19.52% week=+15.50% month=+87.14%
  found 0x5a813b82e4520f5534ec617747c1887b9f03f051  (0x5a813b82...)  [6 position(s)]  ROE day=+30.84% week=+51.57% month=+323.15%
  found 0xa8a6d30c4a13afd71a950e5662639990f3d875bf  (0xa8a6d30c...)  [1 position(s)]  ROE day=+7.73% week=+5.11% month=+155.04%
  skip  0xfc783912f9a70a537d9ef23fb230d2c4d32d7e77  (0xfc783912...)  — zero perp account value (spot-only or no margin)
  skip  0x669c1810b0eec5a39f81967623b4cce3d1b11910  (thank u jeff <3 -aki)  — no positions in last 24h
  found 0x022a28b812c3bba67d42f5a555f29d44de91d5d8  (0x022a28b8...)  [1 position(s)]  ROE day=+13.24% week=+17.64% month=+78.89%
  skip  0x51588c3acf60dffb5a6fe181e485a2946f7b8266  (0x51588c3a...)  — zero perp account value (spot-only or no margin)
  skip  0x940c4a0a95615187f97bc69b01b86c6c1c3c2dd0  (0x940c4a0a...)  — no positions in last 24h
  skip  0xc6758a779bccee1ef0190dbe8292fdf44076795d  (0xc6758a77...)  — no positions in last 24h
  skip  0x8a09162d1bbeb29ad15719fb9b4f69da5253d604  (0x8a09162d...)  — no positions in last 24h
  found 0x711d0883044c616763e61082b932e270d268e560  (0x711d0883...)  [1 position(s)]  ROE day=+28.66% week=+44.01% month=+146.07%
  skip  0x1a35e5336b13a6977e6516980b95576be1041080  (0x1a35e533...)  — no positions in last 24h
  skip  0x93e24b4fa54d32cf013c641ade0fb6ec7a49580d  (0x93e24b4f...)  — zero perp account value (spot-only or no margin)
  found 0x4da817239e085fd40cd398c91ccfda34c3e920f4  (0x4da81723...)  [2 position(s)]  ROE day=+75.66% week=+80.37% month=+86.23%
  found 0x2f0d360d090e6cbdb0116b26a492399c226741cd  (0x2f0d360d...)  [1 position(s)]  ROE day=+1.35% week=+28.15% month=+68.87%
  skip  0x1b79ae138f06e4c19ece45696d00dff834fc6600  (0x1b79ae13...)  — no positions in last 24h
  skip  0x5581dc4ce76018e8da664ca1e2ca3d748564293a  (0x5581dc4c...)  — zero perp account value (spot-only or no margin)
  skip  0x0cc705942b1565e2f76201d934b32472e75b3a76  (0x0cc70594...)  — no positions in last 24h
  found 0x250b6caa76cf8c72b8ecd546d78dc096fa8eb824  (0x250b6caa...)  [5 position(s)]  ROE day=+18.06% week=+9.99% month=+89.29%
  found 0xc30c7ea910a71ce06ae840868b0c7e47616ba4c9  (0xc30c7ea9...)  [2 position(s)]  ROE day=+15.44% week=+1.58% month=+206.62%
  skip  0xb1e8ef9d3732c55790411b341fc2164a87c433fc  (0xb1e8ef9d...)  — zero perp account value (spot-only or no margin)
  found 0x5bcb085d7fadba61507a3aee9e832cbfa331f5dd  (0x5bcb085d...)  [5 position(s)]  ROE day=+22.31% week=+52.06% month=+58.22%
  skip  0xefa8b98e6ee6234b2955281f273a97424c77e2f3  (0xefa8b98e...)  — no positions in last 24h
  found 0x57155b74a5dd252392e94ff043db017515c720b5  (0x57155b74...)  [2 position(s)]  ROE day=+8.72% week=+55.36% month=+54.22%
  found 0x1e92540a49e8cda718017a7a627b4ac62707c2d4  (0x1e92540a...)  [1 position(s)]  ROE day=+2.79% week=+48.57% month=+140.92%

Scanned 46 wallets, found 15 active traders.

Showing top 15, sorted by: score

  #  Address                                       Name              Acct(perp)    Day ROE     Day PnL   Week ROE    Week PnL  Month ROE   Month PnL   AllTime PnL
------------------------------------------------------------------------------------------------------------------------------------------------------------------
  1  0xd26ca9aeae8bf31937b8cc5d55c592e5a137f915    0xd26ca9ae...         $71.6K     +0.16%       $+111    +59.77%     $+42.8K   +103.68%     $+74.2K       $+60.9K
  2  0x5efc5eaa41ebfefcc122e7600d3ac81549b6dd8d    0x5efc5eaa...        $204.0K     +7.61%     $+15.5K    +21.54%     $+43.9K   +144.10%    $+293.9K       $+1.17M
  3  0x74da055d4ccf9dca3f15789c603e1a88a1d2d81f    folhas99              $5.11M     +3.87%    $+197.9K    +14.62%    $+747.1K   +141.27%     $+7.22M       $+7.31M
  4  0x641d098604b7f0913e180b01da4d5d96722c97c4    0x641d0986...         $26.2K    +19.52%      $+5.1K    +15.50%      $+4.1K    +87.14%     $+22.8K       $-62.6K
  5  0x5a813b82e4520f5534ec617747c1887b9f03f051    0x5a813b82...         $19.6K    +30.84%      $+6.0K    +51.57%     $+10.1K   +323.15%     $+63.3K      $+249.7K
  6  0xa8a6d30c4a13afd71a950e5662639990f3d875bf    0xa8a6d30c...         $24.5K     +7.73%      $+1.9K     +5.11%      $+1.3K   +155.04%     $+38.0K       $+37.0K
  7  0x022a28b812c3bba67d42f5a555f29d44de91d5d8    0x022a28b8...         $28.9K    +13.24%      $+3.8K    +17.64%      $+5.1K    +78.89%     $+22.8K       $+19.4K
  8  0x711d0883044c616763e61082b932e270d268e560    0x711d0883...         $11.0K    +28.66%      $+3.2K    +44.01%      $+4.8K   +146.07%     $+16.1K      $-560.1K
  9  0x4da817239e085fd40cd398c91ccfda34c3e920f4    0x4da81723...         $14.8K    +75.66%     $+11.2K    +80.37%     $+11.9K    +86.23%     $+12.7K        $-9.9K
 10  0x2f0d360d090e6cbdb0116b26a492399c226741cd    0x2f0d360d...         $19.3K     +1.35%       $+262    +28.15%      $+5.4K    +68.87%     $+13.3K       $+32.1K
 11  0x250b6caa76cf8c72b8ecd546d78dc096fa8eb824    0x250b6caa...        $368.6K    +18.06%     $+66.6K     +9.99%     $+36.8K    +89.29%    $+329.1K       $+2.88M
 12  0xc30c7ea910a71ce06ae840868b0c7e47616ba4c9    0xc30c7ea9...        $584.5K    +15.44%     $+90.2K     +1.58%      $+9.2K   +206.62%     $+1.21M       $+3.32M
 13  0x5bcb085d7fadba61507a3aee9e832cbfa331f5dd    0x5bcb085d...         $2.06M    +22.31%    $+460.5K    +52.06%     $+1.07M    +58.22%     $+1.20M       $+1.20M
 14  0x57155b74a5dd252392e94ff043db017515c720b5    0x57155b74...        $100.6K     +8.72%      $+8.8K    +55.36%     $+55.7K    +54.22%     $+54.5K       $+22.9K
 15  0x1e92540a49e8cda718017a7a627b4ac62707c2d4    0x1e92540a...         $23.8K     +2.79%       $+663    +48.57%     $+11.5K   +140.92%     $+33.5K        $+5.7K

================================================================================
POSITIONS OPENED IN LAST 24H
================================================================================

# 1  0xd26ca9aeae... (0xd26ca9aeae8bf31937b8cc5d55c592e5a137f915)
       Live position ROE: BTC ROE=+25.00%
       SHORT  BTC       @ $67,992.00  opened: 2026-02-26 11:55:09 UTC

# 2  0x5efc5eaa41... (0x5efc5eaa41ebfefcc122e7600d3ac81549b6dd8d)
       SHORT  SOL       @ $89.00  opened: 2026-02-26 00:17:00 UTC

# 3  folhas99 (0x74da055d4ccf9dca3f15789c603e1a88a1d2d81f)
       Live position ROE: BTC ROE=-7.85%
       SHORT  BTC       @ $68,299.00  opened: 2026-02-26 00:29:15 UTC

# 4  0x641d098604... (0x641d098604b7f0913e180b01da4d5d96722c97c4)
       Live position ROE: BTC ROE=+50.28%  SOL ROE=-86.52%
       SHORT  ETH       @ $2,069.00  opened: 2026-02-26 00:17:48 UTC
       SHORT  SOL       @ $88.04  opened: 2026-02-26 03:50:28 UTC

# 5  0x5a813b82e4... (0x5a813b82e4520f5534ec617747c1887b9f03f051)
       Live position ROE: HYPE ROE=+2.41%
       SHORT  BTC       @ $68,069.00  opened: 2026-02-26 03:14:11 UTC
       SHORT  ETH       @ $2,050.00  opened: 2026-02-26 03:15:42 UTC
       SHORT  SOL       @ $87.95  opened: 2026-02-26 03:18:06 UTC
       SHORT  LINK      @ $9.25  opened: 2026-02-26 12:21:07 UTC
       LONG   XRP       @ $1.42  opened: 2026-02-26 16:06:10 UTC
       SHORT  HYPE      @ $28.47  opened: 2026-02-26 20:37:02 UTC

# 6  0xa8a6d30c4a... (0xa8a6d30c4a13afd71a950e5662639990f3d875bf)
       Live position ROE: BTC ROE=+1.13%  TAO ROE=-10.11%
       LONG   BTC       @ $67,427.00  opened: 2026-02-26 15:46:16 UTC

# 7  0x022a28b812... (0x022a28b812c3bba67d42f5a555f29d44de91d5d8)
       Live position ROE: BTC ROE=+40.41%
       SHORT  BTC       @ $68,618.00  opened: 2026-02-26 04:52:30 UTC

# 8  0x711d088304... (0x711d0883044c616763e61082b932e270d268e560)
       SHORT  ZEC       @ $243.27  opened: 2026-02-26 13:17:56 UTC

# 9  0x4da817239e... (0x4da817239e085fd40cd398c91ccfda34c3e920f4)
       SHORT  SOL       @ $88.28  opened: 2026-02-26 09:47:05 UTC
       SHORT  ETH       @ $2,072.00  opened: 2026-02-26 09:49:23 UTC

#10  0x2f0d360d09... (0x2f0d360d090e6cbdb0116b26a492399c226741cd)
       Live position ROE: HYPE ROE=+58.09%
       LONG   HYPE      @ $28.02  opened: 2026-02-25 23:34:12 UTC

#11  0x250b6caa76... (0x250b6caa76cf8c72b8ecd546d78dc096fa8eb824)
       Live position ROE: ETH ROE=+5.90%  ATOM ROE=+64.05%  OP ROE=+386.96%  LTC ROE=-38.49%  ARB ROE=+157.24%  DOGE ROE=+43.39%  INJ ROE=+160.19%  SUI ROE=+95.49%  kPEPE ROE=+68.80%  XRP ROE=+156.10%  DOT ROE=-105.24%  TIA ROE=+18.61%  ADA ROE=-55.32%  kBONK ROE=+111.48%  ETHFI ROE=+85.61%  MNT ROE=+22.01%  TNSR ROE=+42.09%  EIGEN ROE=+25.63%  POL ROE=-12.74%  PURR ROE=+34.79%  HYPE ROE=+40.98%  VVV ROE=-1.35%  BERA ROE=+15.13%  ZORA ROE=-48.39%  INIT ROE=+102.68%  PUMP ROE=-32.02%  WLFI ROE=+3.49%  ASTER ROE=+0.04%  MON ROE=-23.52%  MEGA ROE=+14.90%  CC ROE=+14.93%  STABLE ROE=-68.40%  LIT ROE=+11.49%
       SHORT  hyna:LIGHTER  @ $1.50  opened: 2026-02-26 06:48:25 UTC
       SHORT  DOT       @ $1.59  opened: 2026-02-26 14:46:15 UTC
       SHORT  LTC       @ $55.79  opened: 2026-02-26 15:43:10 UTC
       SHORT  ADA       @ $0.29  opened: 2026-02-26 15:45:24 UTC
       SHORT  PURR      @ $0.07  opened: 2026-02-26 16:56:48 UTC

#12  0xc30c7ea910... (0xc30c7ea910a71ce06ae840868b0c7e47616ba4c9)
       Live position ROE: BTC ROE=-3.70%  XRP ROE=+17.95%
       SHORT  AZTEC     @ $0.03  opened: 2026-02-26 01:07:37 UTC
       SHORT  xyz:GOLD  @ $5,177.60  opened: 2026-02-26 16:10:02 UTC

#13  0x5bcb085d7f... (0x5bcb085d7fadba61507a3aee9e832cbfa331f5dd)
       Live position ROE: BTC ROE=+22.86%  ETH ROE=+36.93%  SOL ROE=+32.35%  DOGE ROE=+21.25%  FARTCOIN ROE=+1.02%
       SHORT  BTC       @ $68,358.00  opened: 2026-02-26 10:36:11 UTC
       SHORT  ETH       @ $2,071.10  opened: 2026-02-26 10:37:17 UTC
       SHORT  SOL       @ $87.53  opened: 2026-02-26 10:42:22 UTC
       SHORT  FARTCOIN  @ $0.17  opened: 2026-02-26 10:43:28 UTC
       SHORT  DOGE      @ $0.10  opened: 2026-02-26 10:44:05 UTC

#14  0x57155b74a5... (0x57155b74a5dd252392e94ff043db017515c720b5)
       Live position ROE: BTC ROE=-8.10%
       SHORT  BTC       @ $67,891.00  opened: 2026-02-26 02:06:47 UTC
       SHORT  ETH       @ $1,996.70  opened: 2026-02-26 16:45:52 UTC

#15  0x1e92540a49... (0x1e92540a49e8cda718017a7a627b4ac62707c2d4)
       Live position ROE: HYPE ROE=+6.28%
       SHORT  HYPE      @ $29.00  opened: 2026-02-26 09:39:07 UTC

--- Wallet addresses (copy-paste ready) ---
0xd26ca9aeae8bf31937b8cc5d55c592e5a137f915
0x5efc5eaa41ebfefcc122e7600d3ac81549b6dd8d
0x74da055d4ccf9dca3f15789c603e1a88a1d2d81f
0x641d098604b7f0913e180b01da4d5d96722c97c4
0x5a813b82e4520f5534ec617747c1887b9f03f051
0xa8a6d30c4a13afd71a950e5662639990f3d875bf
0x022a28b812c3bba67d42f5a555f29d44de91d5d8
0x711d0883044c616763e61082b932e270d268e560
0x4da817239e085fd40cd398c91ccfda34c3e920f4
0x2f0d360d090e6cbdb0116b26a492399c226741cd
0x250b6caa76cf8c72b8ecd546d78dc096fa8eb824
0xc30c7ea910a71ce06ae840868b0c7e47616ba4c9
0x5bcb085d7fadba61507a3aee9e832cbfa331f5dd
0x57155b74a5dd252392e94ff043db017515c720b5
0x1e92540a49e8cda718017a7a627b4ac62707c2d4
